// Jest Snapshot v1, https://goo.gl/fbAQLP

exports[`ThemeProvider component should render custom themes when requested 1`] = `
Object {
  "asFragment": [Function],
  "baseElement": <body>
    <div>
      light
      <button
        data-testid="switch-theme"
      >
        switch
      </button>
      <div
        class="sc-bdfBwQ fgFrNy"
      >
        <div
          class="sc-iBPRYJ fHvgvO"
        />
        <div
          class="sc-dlfnbm bYjgCU"
        >
          <div
            class="sc-hKgILt LWOpd"
          >
            <span>
              <h1>
                <b>
                  0.0001
                </b>
              </h1>
              <p>
                BTC
              </p>
            </span>
          </div>
          <div
            class="sc-jSgupP djuvgz"
            title="Status"
          >
            PENDING
          </div>
        </div>
      </div>
    </div>
  </body>,
  "container": <div>
    light
    <button
      data-testid="switch-theme"
    >
      switch
    </button>
    <div
      class="sc-bdfBwQ fgFrNy"
    >
      <div
        class="sc-iBPRYJ fHvgvO"
      />
      <div
        class="sc-dlfnbm bYjgCU"
      >
        <div
          class="sc-hKgILt LWOpd"
        >
          <span>
            <h1>
              <b>
                0.0001
              </b>
            </h1>
            <p>
              BTC
            </p>
          </span>
        </div>
        <div
          class="sc-jSgupP djuvgz"
          title="Status"
        >
          PENDING
        </div>
      </div>
    </div>
  </div>,
  "debug": [Function],
  "findAllByAltText": [Function],
  "findAllByDisplayValue": [Function],
  "findAllByLabelText": [Function],
  "findAllByPlaceholderText": [Function],
  "findAllByRole": [Function],
  "findAllByTestId": [Function],
  "findAllByText": [Function],
  "findAllByTitle": [Function],
  "findByAltText": [Function],
  "findByDisplayValue": [Function],
  "findByLabelText": [Function],
  "findByPlaceholderText": [Function],
  "findByRole": [Function],
  "findByTestId": [Function],
  "findByText": [Function],
  "findByTitle": [Function],
  "getAllByAltText": [Function],
  "getAllByDisplayValue": [Function],
  "getAllByLabelText": [Function],
  "getAllByPlaceholderText": [Function],
  "getAllByRole": [Function],
  "getAllByTestId": [Function],
  "getAllByText": [Function],
  "getAllByTitle": [Function],
  "getByAltText": [Function],
  "getByDisplayValue": [Function],
  "getByLabelText": [Function],
  "getByPlaceholderText": [Function],
  "getByRole": [Function],
  "getByTestId": [Function],
  "getByText": [Function],
  "getByTitle": [Function],
  "queryAllByAltText": [Function],
  "queryAllByDisplayValue": [Function],
  "queryAllByLabelText": [Function],
  "queryAllByPlaceholderText": [Function],
  "queryAllByRole": [Function],
  "queryAllByTestId": [Function],
  "queryAllByText": [Function],
  "queryAllByTitle": [Function],
  "queryByAltText": [Function],
  "queryByDisplayValue": [Function],
  "queryByLabelText": [Function],
  "queryByPlaceholderText": [Function],
  "queryByRole": [Function],
  "queryByTestId": [Function],
  "queryByText": [Function],
  "queryByTitle": [Function],
  "rerender": [Function],
  "unmount": [Function],
}
`;
